../Core/Src/main.c:99:5:data_from_iot	8	static
../Core/Src/main.c:125:6:motor_drive_clockwise	8	static
../Core/Src/main.c:138:6:motor_drive_anticlockwise	8	static
../Core/Src/main.c:151:6:motor_drive_stop	8	static
../Core/Src/main.c:162:6:timer_start	8	static
../Core/Src/main.c:175:6:Buzzer	8	static
../Core/Src/main.c:181:6:laser_detect	8	static
../Core/Src/main.c:206:5:main	8	static
../Core/Src/main.c:336:6:SystemClock_Config	80	static
../Core/Src/main.c:377:13:MX_TIM6_Init	16	static
../Core/Src/main.c:415:13:MX_USART1_UART_Init	8	static
../Core/Src/main.c:448:13:MX_USART2_UART_Init	8	static
../Core/Src/main.c:481:13:MX_USART3_UART_Init	8	static
../Core/Src/main.c:514:13:MX_GPIO_Init	48	static
../Core/Src/main.c:581:6:HAL_TIM_PeriodElapsedCallback	16	static
../Core/Src/main.c:607:6:Error_Handler	4	static,ignoring_inline_asm
